Command: /home/goringich/.espressif/python_env/idf5.5_py3.14_env/bin/python /home/goringich/esp-idf/tools/idf_monitor.py -p /dev/ttyUSB0 -b 115200 --toolchain-prefix riscv32-esp-elf- --target esp32p4 --revision 1 --decode-panic backtrace /home/goringich/hello_p4/build/p4_lab.elf /home/goringich/hello_p4/build/bootloader/bootloader.elf -m '/home/goringich/.espressif/python_env/idf5.5_py3.14_env/bin/python' '/home/goringich/esp-idf/tools/idf.py' '-p' '/dev/ttyUSB0' '-b' '115200'
 RAM
�ESP-ROM:esp32p4-eco2-20240710
Build:Jul 10 2024
rst:0x1 (POWERON),boot:0x30f (SPI_FAST_FLASH_BOOT)
SPI mode:DIO, clock div:1
load:0x4ff33ce0,len:0x164c
load:0x4ff29ed0,len:0xe08
load:0x4ff2cbd0,len:0x3588
entry 0x4ff29eda
[0;32mI (25) boot: ESP-IDF v5.5.2 2nd stage bootloader[0m
[0;32mI (26) boot: compile time Feb 21 2026 12:08:58[0m
[0;32mI (26) boot: Multicore bootloader[0m
[0;32mI (27) boot: chip revision: v1.3[0m
[0;32mI (29) boot: efuse block revision: v0.3[0m
[0;32mI (32) boot.esp32p4: SPI Speed      : 80MHz[0m
[0;32mI (36) boot.esp32p4: SPI Mode       : DIO[0m
[0;32mI (40) boot.esp32p4: SPI Flash Size : 16MB[0m
[0;32mI (44) boot: Enabling RNG early entropy source...[0m
[0;32mI (48) boot: Partition Table:[0m
[0;32mI (51) boot: ## Label            Usage          Type ST Offset   Length[0m
[0;32mI (57) boot:  0 nvs              WiFi data        01 02 00009000 00006000[0m
[0;32mI (64) boot:  1 phy_init         RF data          01 01 0000f000 00001000[0m
[0;32mI (70) boot:  2 factory          factory app      00 00 00010000 00100000[0m
[0;32mI (78) boot: End of partition table[0m
[0;32mI (80) esp_image: segment 0: paddr=00010020 vaddr=40020020 size=0b74ch ( 46924) map[0m
[0;32mI (96) esp_image: segment 1: paddr=0001b774 vaddr=30100000 size=00044h (    68) load[0m
[0;32mI (98) esp_image: segment 2: paddr=0001b7c0 vaddr=4ff00000 size=04858h ( 18520) load[0m
[0;32mI (107) esp_image: segment 3: paddr=00020020 vaddr=40000020 size=1b7cch (112588) map[0m
[0;32mI (130) esp_image: segment 4: paddr=0003b7f4 vaddr=4ff04858 size=0ae40h ( 44608) load[0m
[0;32mI (140) esp_image: segment 5: paddr=0004663c vaddr=4ff0f700 size=02048h (  8264) load[0m
[0;32mI (146) boot: Loaded app from partition at offset 0x10000[0m
[0;32mI (147) boot: Disabling RNG early entropy source...[0m
[0;32mI (160) cpu_start: Multicore app[0m
[0;32mI (169) cpu_start: GPIO 38 and 37 are used as console UART I/O pins[0m
[0;32mI (170) cpu_start: Pro cpu start user code[0m
[0;32mI (170) cpu_start: cpu freq: 360000000 Hz[0m
[0;32mI (172) app_init: Application information:[0m
[0;32mI (176) app_init: Project name:     p4_lab[0m
[0;32mI (179) app_init: App version:      1a5ab8e-dirty[0m
[0;32mI (184) app_init: Compile time:     Feb 24 2026 12:15:47[0m
[0;32mI (189) app_init: ELF file SHA256:  7778c8186...[0m
[0;32mI (193) app_init: ESP-IDF:          v5.5.2[0m
[0;32mI (197) efuse_init: Min chip rev:     v0.1[0m
[0;32mI (201) efuse_init: Max chip rev:     v1.99 [0m
[0;32mI (205) efuse_init: Chip rev:         v1.3[0m
[0;32mI (209) heap_init: Initializing. RAM available for dynamic allocation:[0m
[0;32mI (215) heap_init: At 4FF12EE0 len 000280E0 (160 KiB): RETENT_RAM[0m
[0;32mI (221) heap_init: At 4FF3AFC0 len 00004BF0 (18 KiB): RAM[0m
[0;32mI (226) heap_init: At 4FF40000 len 00060000 (384 KiB): RAM[0m
[0;32mI (231) heap_init: At 50108080 len 00007F80 (31 KiB): RTCRAM[0m
[0;32mI (236) heap_init: At 30100044 len 00001FBC (7 KiB): TCM[0m
[0;32mI (242) spi_flash: detected chip: boya[0m
[0;32mI (245) spi_flash: flash io: dio[0m
[0;32mI (248) sleep_gpio: Configure to isolate all GPIO pins in sleep state[0m
[0;32mI (254) sleep_gpio: Enable automatic switching of GPIO sleep configuration[0m
[0;32mI (261) main_task: Started on CPU0[0m
[0;32mI (301) main_task: Calling app_main()[0m
[0;32mI (301) main: boot[0m
[0;32mI (301) app: init[0m
[0;32mI (301) i2c_bus: init: bus ready sda=1 scl=2 freq=100000[0m
[0;32mI (301) i2c_bus: init: idle lines: sda(gpio=1)=1 scl(gpio=2)=1[0m
[0;32mI (311) i2c_bus: scan: before recover: sda(gpio=1)=1 scl(gpio=2)=1[0m
[0;32mI (311) i2c_bus: scan: after recover: sda(gpio=1)=1 scl(gpio=2)=1[0m
[0;32mI (321) i2c_bus: scan: quick probe 0x68/0x69[0m
[1;31mE (521) i2c.master: probe device timeout. Please check if xfer_timeout_ms and pull-ups are correctly set up[0m
[1;31mE (721) i2c.master: probe device timeout. Please check if xfer_timeout_ms and pull-ups are correctly set up[0m
[0;32mI (721) i2c_bus: scan: result found=0 timeouts=2 other_err=0[0m
[0;33mW (721) i2c_bus: scan: no devices found[0m
[0;33mW (721) i2c_bus: scan: check GND/VCC, SDA/SCL swapped, pullups, correct header pins[0m
[0;32mI (4731) app: tick 5[0m
[0;32mI (9731) app: tick 10[0m
[0;32mI (14731) app: tick 15[0m
[0;32mI (19731) app: tick 20[0m
[0;32mI (24731) app: tick 25[0m
[0;32mI (29731) app: tick 30[0m
